// Jest Snapshot v1, https://goo.gl/fbAQLP

exports[`Layout renders correctly 1`] = `
Array [
  <header
    id="mockHeader"
  >
    mockHeader
  </header>,
  <main
    className="sc-bdVaJa dzLjON"
  >
    Some child
  </main>,
  <footer
    id="mockFooter"
  >
    mockFooter
  </footer>,
]
`;
